Running Test: Low Risk Test (Rating=0.2)
Status: 201
Response: {
  "status": "ok",
  "session_id": "7f731e3d-03d8-487e-a38a-d7f3ffce5dac",
  "risk_score": 0.205,
  "risk_level": "LOW",
  "consistency": 0.5,
  "risk_z_score": -2.6237449368121615,
  "latency_z_score": -2.001623011682609,
  "quality_flags": [
    "risk_outlier",
    "latency_outlier"
  ]
}
--------------------------------------------------
Running Test: Moderate Risk Test (Rating=0.5)
Status: 201
Response: {
  "status": "ok",
  "session_id": "c0f1b707-9470-43bd-88ee-c1e0f75f730c",
  "risk_score": 0.325,
  "risk_level": "LOW",
  "consistency": 0.5,
  "risk_z_score": -2.507609436875569,
  "latency_z_score": -1.9792292415311108,
  "quality_flags": [
    "risk_outlier"
  ]
}
--------------------------------------------------
Running Test: High Risk Test (Rating=0.8)
Status: 201
Response: {
  "status": "ok",
  "session_id": "cbadb0ec-93cb-4465-b65e-b181ef66a324",
  "risk_score": 0.44499999999999995,
  "risk_level": "MODERATE",
  "consistency": 0.5,
  "risk_z_score": -2.3977263337762977,
  "latency_z_score": -1.95757064783054,
  "quality_flags": [
    "risk_outlier"
  ]
}
--------------------------------------------------
